../Core/networking/fs_ram.c:67:13:ram_write	32	static
../Core/networking/fs_ram.c:93:20:fs_open	16	static
../Core/networking/fs_ram.c:119:13:fs_close	16	static
../Core/networking/fs_ram.c:134:15:fs_read	32	static
../Core/networking/fs_ram.c:150:15:fs_write	32	static
../Core/networking/fs_ram.c:173:15:fs_tell	16	static
../Core/networking/fs_ram.c:178:13:fs_eof	16	static
../Core/networking/fs_ram.c:183:12:fs_unlink	16	static
../Core/networking/fs_ram.c:195:12:fs_dirop	16	static
../Core/networking/fs_ram.c:200:19:fs_opendir	16	static
../Core/networking/fs_ram.c:205:13:fs_closedir	16	static
../Core/networking/fs_ram.c:209:12:fs_stat	16	static
../Core/networking/fs_ram.c:218:13:fs_reset	8	static
../Core/networking/fs_ram.c:230:6:fs_ram_mount	8	static
