../Core/networking/fs_stream.c:67:13:vf_write	16	static
../Core/networking/fs_stream.c:93:13:stream_write	24	static
../Core/networking/fs_stream.c:121:20:fs_open	16	static
../Core/networking/fs_stream.c:157:13:fs_close	16	static
../Core/networking/fs_stream.c:167:15:fs_read	32	static
../Core/networking/fs_stream.c:183:15:fs_write	32	static
../Core/networking/fs_stream.c:214:15:fs_tell	16	static
../Core/networking/fs_stream.c:219:13:fs_eof	16	static
../Core/networking/fs_stream.c:224:12:fs_unlink	16	static
../Core/networking/fs_stream.c:236:12:fs_dirop	16	static
../Core/networking/fs_stream.c:241:19:fs_opendir	16	static
../Core/networking/fs_stream.c:246:13:fs_closedir	16	static
../Core/networking/fs_stream.c:250:12:fs_stat	16	static
../Core/networking/fs_stream.c:259:13:fs_reset	8	static
../Core/networking/fs_stream.c:276:6:fs_stream_mount	8	static
