../Core/grbl/gcode.c:145:21:hypot_f	16	static
../Core/grbl/gcode.c:150:20:motion_is_lasercut	16	static
../Core/grbl/gcode.c:155:17:gc_get_state	4	static
../Core/grbl/gcode.c:160:13:set_scaling	32	static
../Core/grbl/gcode.c:178:8:gc_get_scaling	4	static
../Core/grbl/gcode.c:183:16:gc_get_g51_state	16	static
../Core/grbl/gcode.c:198:7:gc_get_offset	16	static
../Core/grbl/gcode.c:203:21:gc_get_block_offset	16	static
../Core/grbl/gcode.c:208:6:gc_set_tool_offset	32	static
../Core/grbl/gcode.c:249:10:gc_get_plane_data	16	static
../Core/grbl/gcode.c:274:6:gc_init	40	static
../Core/grbl/gcode.c:342:6:gc_laser_ppi_enable	16	static
../Core/grbl/gcode.c:349:6:gc_spindle_off	8	static
../Core/grbl/gcode.c:358:6:gc_coolant_off	8	static
../Core/grbl/gcode.c:365:17:gc_spindle_get	4	static
../Core/grbl/gcode.c:370:21:tool_get_pending	16	static
../Core/grbl/gcode.c:384:20:tool_set	16	static
../Core/grbl/gcode.c:394:13:add_output_command	24	static
../Core/grbl/gcode.c:415:22:init_sync_motion	32	static
../Core/grbl/gcode.c:440:13:output_message	16	static
../Core/grbl/gcode.c:505:7:gc_normalize_block	40	static
../Core/grbl/gcode.c:643:15:gc_execute_block	280	static
