../Core/grbl/nvs_buffer.c:111:23:ram_get_byte	16	static
../Core/grbl/nvs_buffer.c:116:20:ram_put_byte	16	static
../Core/grbl/nvs_buffer.c:124:30:memcpy_to_ram	40	static
../Core/grbl/nvs_buffer.c:187:30:memcpy_from_ram	40	static
../Core/grbl/nvs_buffer.c:200:13:nvs_warning	16	static
../Core/grbl/nvs_buffer.c:206:6:nvs_buffer_alloc	8	static
../Core/grbl/nvs_buffer.c:216:6:nvs_buffer_free	8	static
../Core/grbl/nvs_buffer.c:226:6:nvs_buffer_init	16	static
../Core/grbl/nvs_buffer.c:271:15:nvs_alloc	24	static
../Core/grbl/nvs_buffer.c:299:6:nvs_buffer_sync_physical	24	static
../Core/grbl/nvs_buffer.c:369:11:nvs_buffer_get_physical	4	static
