../Core/grbl/report.c:57:14:appendbuf	24	static
../Core/grbl/report.c:77:14:map_coord_system	24	static
../Core/grbl/report.c:91:14:get_axis_values_mm	24	static
../Core/grbl/report.c:110:14:get_axis_values_inches	24	static
../Core/grbl/report.c:133:14:get_axis_value_mm	16	static
../Core/grbl/report.c:139:14:get_axis_value_inches	16	static
../Core/grbl/report.c:145:14:get_rate_value_mm	16	static
../Core/grbl/report.c:151:14:get_rate_value_inch	16	static
../Core/grbl/report.c:158:21:axis_signals_tostring	24	static
../Core/grbl/report.c:178:21:control_signals_tostring	24	static
../Core/grbl/report.c:222:6:report_init	4	static
../Core/grbl/report.c:235:22:report_status_message	24	static
../Core/grbl/report.c:252:21:report_alarm_message	24	static
../Core/grbl/report.c:261:6:report_message	16	static
../Core/grbl/report.c:288:23:report_feedback_message	24	static
../Core/grbl/report.c:301:13:report_init_message	8	static
../Core/grbl/report.c:312:13:report_help_message	8	static
../Core/grbl/report.c:317:13:report_group_settings	64	static
../Core/grbl/report.c:344:15:report_help	32	static
../Core/grbl/report.c:395:12:cmp_settings	16	static
../Core/grbl/report.c:400:13:report_setting	32	static
../Core/grbl/report.c:415:15:report_grbl_setting	24	static
../Core/grbl/report.c:429:13:print_setting	32	static
../Core/grbl/report.c:442:6:report_grbl_settings	40	static
../Core/grbl/report.c:497:6:report_probe_parameters	32	static
../Core/grbl/report.c:510:6:report_home_position	16	static
../Core/grbl/report.c:520:6:report_tool_offsets	16	static
../Core/grbl/report.c:532:15:report_ngc_parameter	32	static
../Core/grbl/report.c:549:15:report_named_ngc_parameter	32	static
../Core/grbl/report.c:567:6:report_ngc_parameters	40	static
../Core/grbl/report.c:645:20:is_g92_active	16	static
../Core/grbl/report.c:659:6:report_gcode_modes	16	static
../Core/grbl/report.c:783:6:report_startup_line	24	static
../Core/grbl/report.c:790:6:report_execute_startup_message	16	static
../Core/grbl/report.c:799:6:report_build_info	136	static
../Core/grbl/report.c:1059:6:report_echo_line_received	16	static
../Core/grbl/report.c:1072:6:report_realtime_status	104	static
../Core/grbl/report.c:1405:13:report_bitfield	40	static
../Core/grbl/report.c:1440:13:write_quoted	16	static
../Core/grbl/report.c:1449:13:write_name	32	static
../Core/grbl/report.c:1462:13:report_settings_detail	56	static
../Core/grbl/report.c:1733:13:print_sorted	24	static
../Core/grbl/report.c:1741:13:print_unsorted	24	static
../Core/grbl/report.c:1750:22:print_settings_details	56	static
../Core/grbl/report.c:1812:15:report_settings_details	24	static
../Core/grbl/report.c:1832:15:report_setting_description	32	static
../Core/grbl/report.c:1855:12:cmp_alarms	16	static
../Core/grbl/report.c:1860:13:print_alarm	24	static
../Core/grbl/report.c:1878:15:report_alarm_details	40	static
../Core/grbl/report.c:1915:12:cmp_errors	16	static
../Core/grbl/report.c:1920:13:print_error	24	static
../Core/grbl/report.c:1938:15:report_error_details	40	static
../Core/grbl/report.c:1975:13:print_setting_group	24	static
../Core/grbl/report.c:1994:12:cmp_setting_group_id	16	static
../Core/grbl/report.c:1999:12:cmp_setting_group_name	16	static
../Core/grbl/report.c:2004:13:group_is_dup	16	static
../Core/grbl/report.c:2015:15:report_setting_group_details	40	static
../Core/grbl/report.c:2053:14:add_limits	16	static
../Core/grbl/report.c:2066:15:report_last_signals_event	32	static
../Core/grbl/report.c:2082:15:report_current_limit_state	24	static
../Core/grbl/report.c:2096:15:report_current_home_signal_state	24	static
../Core/grbl/report.c:2116:15:report_spindle_data	40	static
../Core/grbl/report.c:2139:20:get_pinname	24	static
../Core/grbl/report.c:2152:13:report_pin	24	static
../Core/grbl/report.c:2167:15:report_pins	16	static
../Core/grbl/report.c:2175:13:print_uito2a	24	static
../Core/grbl/report.c:2183:15:report_time	56	static
../Core/grbl/report.c:2204:13:report_spindle	24	static
../Core/grbl/report.c:2220:15:report_spindles	8	static
../Core/grbl/report.c:2228:6:report_pid_log	8	static
../Core/grbl/report.c:2264:6:report_init_fns	16	static
