../Core/grbl/settings.c:308:13:group_is_available	16	static
../Core/grbl/settings.c:805:13:save_override_backup	16	static
../Core/grbl/settings.c:817:13:restore_override_backup	16	static
../Core/grbl/settings.c:829:6:settings_override_acceleration	24	static
../Core/grbl/settings.c:852:6:settings_register	16	static
../Core/grbl/settings.c:858:20:settings_get_details	4	static
../Core/grbl/settings.c:885:22:set_probe_invert	16	static
../Core/grbl/settings.c:896:22:set_ganged_dir_invert	16	static
../Core/grbl/settings.c:906:22:set_stepper_deenergize_mask	16	static
../Core/grbl/settings.c:915:22:set_report_interval	16	static
../Core/grbl/settings.c:923:22:set_report_mask	16	static
../Core/grbl/settings.c:935:22:set_report_inches	16	static
../Core/grbl/settings.c:957:22:set_control_invert	16	static
../Core/grbl/settings.c:964:22:set_pwm_mode	16	static
../Core/grbl/settings.c:971:22:set_pwm_options	16	static
../Core/grbl/settings.c:986:22:set_spindle_type	16	static
../Core/grbl/settings.c:1000:22:set_spindle_invert	16	static
../Core/grbl/settings.c:1011:22:set_control_disable_pullup	16	static
../Core/grbl/settings.c:1018:22:set_probe_disable_pullup	16	static
../Core/grbl/settings.c:1028:13:tmp_set_soft_limits	16	static
../Core/grbl/settings.c:1041:22:set_soft_limits_enable	16	static
../Core/grbl/settings.c:1053:22:set_estop_unlock	16	static
../Core/grbl/settings.c:1063:22:set_offset_lock	16	static
../Core/grbl/settings.c:1070:20:tmp_set_hard_limits	4	static
../Core/grbl/settings.c:1079:22:set_hard_limits_enable	16	static
../Core/grbl/settings.c:1097:22:set_jog_soft_limited	16	static
../Core/grbl/settings.c:1107:22:set_homing_enable	16	static
../Core/grbl/settings.c:1135:22:set_enable_legacy_rt_commands	16	static
../Core/grbl/settings.c:1142:22:set_homing_cycle	16	static
../Core/grbl/settings.c:1150:22:set_mode	16	static
../Core/grbl/settings.c:1179:22:set_parking_enable	16	static
../Core/grbl/settings.c:1186:22:set_restore_overrides	16	static
../Core/grbl/settings.c:1195:22:set_sleep_enable	16	static
../Core/grbl/settings.c:1202:22:set_hold_actions	16	static
../Core/grbl/settings.c:1211:22:set_g92_disable_persistence	16	static
../Core/grbl/settings.c:1219:22:set_force_initialization_alarm	16	static
../Core/grbl/settings.c:1226:22:set_probe_allow_feed_override	16	static
../Core/grbl/settings.c:1233:22:set_tool_change_mode	16	static
../Core/grbl/settings.c:1248:22:set_tool_change_probing_distance	16	static
../Core/grbl/settings.c:1258:22:set_tool_restore_pos	16	static
../Core/grbl/settings.c:1268:20:set_axis_unit	16	static
../Core/grbl/settings.c:1362:28:normalize_id	16	static
../Core/grbl/settings.c:1375:14:settings_get_axis_base	24	static
../Core/grbl/settings.c:1383:22:set_axis_setting	32	static
../Core/grbl/settings.c:1458:14:get_float	24	static
../Core/grbl/settings.c:1510:17:get_int	24	static
../Core/grbl/settings.c:1682:23:get_decimal_places	24	static
../Core/grbl/settings.c:1689:7:setting_get_value	32	static
../Core/grbl/settings.c:1771:10:setting_get_int_value	24	static
../Core/grbl/settings.c:1827:7:setting_get_float_value	24	static
../Core/grbl/settings.c:1854:13:is_setting_available	24	static
../Core/grbl/settings.c:1952:6:settings_write_build_info	24	static
../Core/grbl/settings.c:1959:6:settings_read_build_info	24	static
../Core/grbl/settings.c:1971:6:settings_write_startup_line	24	static
../Core/grbl/settings.c:1984:6:settings_read_startup_line	24	static
../Core/grbl/settings.c:1998:6:settings_write_coord_data	24	static
../Core/grbl/settings.c:2011:6:settings_read_coord_data	24	static
../Core/grbl/settings.c:2025:6:settings_write_tool_data	16	static
../Core/grbl/settings.c:2040:6:settings_read_tool_data	16	static
../Core/grbl/settings.c:2059:6:read_global_settings	24	static
../Core/grbl/settings.c:2090:6:settings_write_global	16	static
../Core/grbl/settings.c:2103:6:settings_restore	112	static
../Core/grbl/settings.c:2166:20:is_available	16	static
../Core/grbl/settings.c:2171:13:is_group_available	16	static
../Core/grbl/settings.c:2176:6:settings_is_group_available	32	static
../Core/grbl/settings.c:2231:17:settings_normalize_group	16	static
../Core/grbl/settings.c:2236:6:settings_iterator	40	static
../Core/grbl/settings.c:2263:25:setting_get_details	40	static
../Core/grbl/settings.c:2291:13:setting_get_description	32	static
../Core/grbl/settings.c:2324:31:setting_get_group_details	32	static
../Core/grbl/settings.c:2349:22:validate_value	24	static
../Core/grbl/settings.c:2377:22:validate_uint_value	32	static
../Core/grbl/settings.c:2406:17:strnumentries	24	static
../Core/grbl/settings.c:2422:20:setting_datatype_to_external	16	static
../Core/grbl/settings.c:2438:6:setting_is_list	16	static
../Core/grbl/settings.c:2443:6:setting_is_integer	16	static
../Core/grbl/settings.c:2448:14:remove_element	24	static
../Core/grbl/settings.c:2471:13:setting_remove_element	24	static
../Core/grbl/settings.c:2481:6:setting_remove_elements	32	static
../Core/grbl/settings.c:2500:20:setting_is_string	16	static
../Core/grbl/settings.c:2505:20:setting_is_core	16	static
../Core/grbl/settings.c:2510:22:setting_validate_me_uint	32	static
../Core/grbl/settings.c:2555:15:setting_validate_me	40	static
../Core/grbl/settings.c:2601:15:setting_validate	32	static
../Core/grbl/settings.c:2609:13:settings_changed_spindle	16	static
../Core/grbl/settings.c:2622:15:settings_store_setting	56	static
../Core/grbl/settings.c:2743:6:settings_add_spindle_type	32	static
../Core/grbl/settings.c:2757:6:settings_clear	4	static
../Core/grbl/settings.c:2764:6:settings_init	24	static
