../Core/grbl/spindle_control.c:60:13:spindle_activate	88	static
../Core/grbl/spindle_control.c:135:14:spindle_register	16	static
../Core/grbl/spindle_control.c:164:15:spindle_enable	24	static
../Core/grbl/spindle_control.c:181:6:spindle_select	16	static
../Core/grbl/spindle_control.c:202:17:spindle_get_hal	24	static
../Core/grbl/spindle_control.c:225:14:spindle_get_default	4	static
../Core/grbl/spindle_control.c:234:15:spindle_get_caps	24	static
../Core/grbl/spindle_control.c:251:13:spindle_get_name	16	static
../Core/grbl/spindle_control.c:261:6:spindle_update_caps	24	static
../Core/grbl/spindle_control.c:283:9:spindle_get_count	8	static
../Core/grbl/spindle_control.c:291:22:spindle_get_num	32	static
../Core/grbl/spindle_control.c:314:6:spindle_enumerate_spindles	40	static
../Core/grbl/spindle_control.c:344:6:spindle_is_enabled	16	static
../Core/grbl/spindle_control.c:358:17:spindle_get	16	static
../Core/grbl/spindle_control.c:369:13:null_set_state	16	static
../Core/grbl/spindle_control.c:375:24:null_get_state	4	static
../Core/grbl/spindle_control.c:381:13:null_update_pwm	16	static
../Core/grbl/spindle_control.c:386:22:null_get_pwm	16	static
../Core/grbl/spindle_control.c:393:13:null_update_rpm	16	static
../Core/grbl/spindle_control.c:402:14:spindle_add_null	16	static
../Core/grbl/spindle_control.c:438:6:spindle_set_override	24	static
../Core/grbl/spindle_control.c:475:13:set_state	32	static
../Core/grbl/spindle_control.c:508:6:spindle_set_state	24	static
../Core/grbl/spindle_control.c:521:6:spindle_sync	32	static
../Core/grbl/spindle_control.c:557:6:spindle_restore	32	static
../Core/grbl/spindle_control.c:593:7:spindle_set_rpm	24	static
../Core/grbl/spindle_control.c:614:6:spindle_all_off	16	static
../Core/grbl/spindle_control.c:634:6:spindle_is_on	24	static
../Core/grbl/spindle_control.c:657:29:invert_pwm	16	static
../Core/grbl/spindle_control.c:668:6:spindle_precompute_pwm_values	24	static
../Core/grbl/spindle_control.c:708:15:spindle_compute_pwm_value	32	static
