../Drivers/CMSIS/Include/cmsis_gcc.h:949:27:__enable_irq	4	static,ignoring_inline_asm
../Drivers/CMSIS/Include/cmsis_gcc.h:960:27:__disable_irq	4	static,ignoring_inline_asm
../Drivers/CMSIS/Include/core_cm33.h:2390:22:__NVIC_EnableIRQ	16	static,ignoring_inline_asm
../Drivers/CMSIS/Include/core_cm33.h:2587:22:__NVIC_SetPriority	16	static
../Core/grbl/motor_pins.h:1046:13:motor_iterator	24	static
../Core/grbl/motor_pins.h:1075:24:get_limits_cap	16	static
../Core/grbl/motor_pins.h:1142:23:get_home_cap	16	static
../Core/Src/driver.c:448:13:driver_delay	24	static
../Core/Src/driver.c:463:13:stepperEnable	16	static
../Core/Src/driver.c:504:13:stepperWakeUp	8	static
../Core/Src/driver.c:515:13:stepperGoIdle	16	static
../Core/Src/driver.c:522:13:stepperCyclesPerTick	16	static
../Core/Src/driver.c:717:13:stepperPulseStart	24	static
../Core/Src/driver.c:740:13:stepperPulseStartDelayed	24	static
../Core/Src/driver.c:863:13:limitsEnable	40	static
../Core/Src/driver.c:982:31:limitsGetState	16	static
../Core/Src/driver.c:1072:26:systemGetState	16	static
../Core/Src/driver.c:1123:13:probeConfigure	16	static
../Core/Src/driver.c:1131:22:probeGetState	16	static
../Core/Src/driver.c:1147:20:spindle_off	4	static
../Core/Src/driver.c:1154:20:spindle_on	4	static
../Core/Src/driver.c:1164:20:spindle_dir	16	static
../Core/Src/driver.c:1172:13:spindleSetState	16	static
../Core/Src/driver.c:1188:13:spindle_set_speed	16	static
../Core/Src/driver.c:1218:22:spindleGetPWM	16	static
../Core/Src/driver.c:1224:13:spindleSetStateVariable	16	static
../Core/Src/driver.c:1263:6:spindleConfig	72	static
../Core/Src/driver.c:1422:24:spindleGetState	16	static
../Core/Src/driver.c:1446:13:coolantSetState	16	static
../Core/Src/driver.c:1456:24:coolantGetState	16	static
../Core/Src/driver.c:1470:13:bitsSetAtomic	16	static,ignoring_inline_asm
../Core/Src/driver.c:1477:22:bitsClearAtomic	24	static,ignoring_inline_asm
../Core/Src/driver.c:1486:22:valueSetAtomic	24	static,ignoring_inline_asm
../Core/Src/driver.c:1495:17:getElapsedMicros	64	static,ignoring_inline_asm
../Core/Src/driver.c:1512:17:getElapsedTicks	4	static
../Core/Src/driver.c:1517:6:gpio_irq_enable	16	static
../Core/Src/driver.c:1539:6:settings_changed	72	static
../Core/Src/driver.c:1829:14:port2char	16	static
../Core/Src/driver.c:1838:13:enumeratePins	32	static
../Core/Src/driver.c:1885:6:registerPeriphPin	24	static
../Core/Src/driver.c:1905:6:setPeriphPinDescription	32	static
../Core/Src/driver.c:1997:13:driver_setup	56	static
../Core/Src/driver.c:2259:10:get_free_mem	56	static
../Core/Src/driver.c:2272:6:driver_init	88	static
../Core/Src/driver.c:2483:6:TIM5_IRQHandler	8	static
../Core/Src/driver.c:2510:6:TIM4_IRQHandler	16	static
../Core/Src/driver.c:2542:20:debounce_start	4	static
../Core/Src/driver.c:2553:6:TIM3_IRQHandler	16	static
../Core/Src/driver.c:2610:6:EXTI0_IRQHandler	24	static
../Core/Src/driver.c:2748:6:EXTI3_IRQHandler	24	static
../Core/Src/driver.c:2794:6:EXTI4_IRQHandler	24	static
../Core/Src/driver.c:2840:6:EXTI9_5_IRQHandler	24	static
../Core/Src/driver.c:2906:6:EXTI15_10_IRQHandler	24	static
../Core/Src/driver.c:2969:6:Driver_IncTick	8	static
