../Core/Src/serial.c:335:6:serialRegisterStreams	8	static
../Core/Src/serial.c:422:13:serialClaimPort	24	static
../Core/Src/serial.c:446:17:serialRxFree	16	static
../Core/Src/serial.c:456:17:serialRxCount	16	static
../Core/Src/serial.c:466:13:serialRxFlush	4	static
../Core/Src/serial.c:474:13:serialRxCancel	4	static
../Core/Src/serial.c:484:13:serialPutC	24	static
../Core/Src/serial.c:502:13:serialWriteS	24	static
../Core/Src/serial.c:513:13:serialWrite	24	static
../Core/Src/serial.c:524:13:serialTxFlush	4	static
../Core/Src/serial.c:533:17:serialTxCount	16	static
../Core/Src/serial.c:543:16:serialGetC	16	static
../Core/Src/serial.c:556:13:serialSuspendInput	16	static
../Core/Src/serial.c:561:13:serialSetBaudRate	16	static
../Core/Src/serial.c:575:13:serialDisable	16	static
../Core/Src/serial.c:585:13:serialEnqueueRtCommand	16	static
../Core/Src/serial.c:590:37:serialSetRtHandler	24	static
../Core/Src/serial.c:600:27:serialInit	48	static
../Core/Src/serial.c:644:6:USART3_IRQHandler	24	static
../Core/Src/serial.c:675:17:serial1RxFree	16	static
../Core/Src/serial.c:685:17:serial1RxCount	16	static
../Core/Src/serial.c:695:13:serial1RxFlush	4	static
../Core/Src/serial.c:703:13:serial1RxCancel	4	static
../Core/Src/serial.c:713:13:serial1PutC	24	static
../Core/Src/serial.c:734:13:serial1WriteS	24	static
../Core/Src/serial.c:744:13:serial1Write	24	static
../Core/Src/serial.c:755:13:serial1TxFlush	4	static
../Core/Src/serial.c:764:17:serial1TxCount	16	static
../Core/Src/serial.c:774:16:serial1GetC	16	static
../Core/Src/serial.c:787:13:serial1SuspendInput	16	static
../Core/Src/serial.c:792:13:serial1SetBaudRate	16	static
../Core/Src/serial.c:807:13:serial1Disable	16	static
../Core/Src/serial.c:817:13:serial1EnqueueRtCommand	16	static
../Core/Src/serial.c:822:37:serial1SetRtHandler	24	static
../Core/Src/serial.c:832:27:serial1Init	48	static
../Core/Src/serial.c:877:6:USART1_IRQHandler	24	static
