../Drivers/STM32U5xx_HAL_Driver/Src/stm32u5xx_hal_sd.c:337:19:HAL_SD_Init	48	static
../Drivers/STM32U5xx_HAL_Driver/Src/stm32u5xx_hal_sd.c:466:19:HAL_SD_InitCard	64	static
../Drivers/STM32U5xx_HAL_Driver/Src/stm32u5xx_hal_sd.c:556:19:HAL_SD_DeInit	16	static
../Drivers/STM32U5xx_HAL_Driver/Src/stm32u5xx_hal_sd.c:613:13:HAL_SD_MspInit	16	static
../Drivers/STM32U5xx_HAL_Driver/Src/stm32u5xx_hal_sd.c:628:13:HAL_SD_MspDeInit	16	static
../Drivers/STM32U5xx_HAL_Driver/Src/stm32u5xx_hal_sd.c:669:19:HAL_SD_ReadBlocks	80	static
../Drivers/STM32U5xx_HAL_Driver/Src/stm32u5xx_hal_sd.c:854:19:HAL_SD_WriteBlocks	80	static
../Drivers/STM32U5xx_HAL_Driver/Src/stm32u5xx_hal_sd.c:1041:19:HAL_SD_ReadBlocks_IT	56	static
../Drivers/STM32U5xx_HAL_Driver/Src/stm32u5xx_hal_sd.c:1136:19:HAL_SD_WriteBlocks_IT	56	static
../Drivers/STM32U5xx_HAL_Driver/Src/stm32u5xx_hal_sd.c:1233:19:HAL_SD_ReadBlocks_DMA	56	static
../Drivers/STM32U5xx_HAL_Driver/Src/stm32u5xx_hal_sd.c:1332:19:HAL_SD_WriteBlocks_DMA	56	static
../Drivers/STM32U5xx_HAL_Driver/Src/stm32u5xx_hal_sd.c:1428:19:HAL_SD_Erase	40	static
../Drivers/STM32U5xx_HAL_Driver/Src/stm32u5xx_hal_sd.c:1530:6:HAL_SD_IRQHandler	24	static
../Drivers/STM32U5xx_HAL_Driver/Src/stm32u5xx_hal_sd.c:1742:21:HAL_SD_GetState	16	static
../Drivers/STM32U5xx_HAL_Driver/Src/stm32u5xx_hal_sd.c:1753:10:HAL_SD_GetError	16	static
../Drivers/STM32U5xx_HAL_Driver/Src/stm32u5xx_hal_sd.c:1763:13:HAL_SD_TxCpltCallback	16	static
../Drivers/STM32U5xx_HAL_Driver/Src/stm32u5xx_hal_sd.c:1778:13:HAL_SD_RxCpltCallback	16	static
../Drivers/STM32U5xx_HAL_Driver/Src/stm32u5xx_hal_sd.c:1793:13:HAL_SD_ErrorCallback	16	static
../Drivers/STM32U5xx_HAL_Driver/Src/stm32u5xx_hal_sd.c:1808:13:HAL_SD_AbortCallback	16	static
../Drivers/STM32U5xx_HAL_Driver/Src/stm32u5xx_hal_sd.c:2118:19:HAL_SD_GetCardCID	16	static
../Drivers/STM32U5xx_HAL_Driver/Src/stm32u5xx_hal_sd.c:2151:19:HAL_SD_GetCardCSD	16	static
../Drivers/STM32U5xx_HAL_Driver/Src/stm32u5xx_hal_sd.c:2265:19:HAL_SD_GetCardStatus	88	static
../Drivers/STM32U5xx_HAL_Driver/Src/stm32u5xx_hal_sd.c:2335:19:HAL_SD_GetCardInfo	16	static
../Drivers/STM32U5xx_HAL_Driver/Src/stm32u5xx_hal_sd.c:2360:19:HAL_SD_ConfigWideBusOperation	64	static
../Drivers/STM32U5xx_HAL_Driver/Src/stm32u5xx_hal_sd.c:2524:19:HAL_SD_ConfigSpeedBusOperation	32	static
../Drivers/STM32U5xx_HAL_Driver/Src/stm32u5xx_hal_sd.c:2822:25:HAL_SD_GetCardState	32	static
../Drivers/STM32U5xx_HAL_Driver/Src/stm32u5xx_hal_sd.c:2845:19:HAL_SD_Abort	24	static
../Drivers/STM32U5xx_HAL_Driver/Src/stm32u5xx_hal_sd.c:2942:19:HAL_SD_Abort_IT	24	static
../Drivers/STM32U5xx_HAL_Driver/Src/stm32u5xx_hal_sd.c:2999:17:SD_InitCard	72	static
../Drivers/STM32U5xx_HAL_Driver/Src/stm32u5xx_hal_sd.c:3096:17:SD_PowerON	32	static
../Drivers/STM32U5xx_HAL_Driver/Src/stm32u5xx_hal_sd.c:3265:13:SD_PowerOFF	16	static
../Drivers/STM32U5xx_HAL_Driver/Src/stm32u5xx_hal_sd.c:3278:17:SD_SendSDStatus	56	static
../Drivers/STM32U5xx_HAL_Driver/Src/stm32u5xx_hal_sd.c:3384:17:SD_SendStatus	24	static
../Drivers/STM32U5xx_HAL_Driver/Src/stm32u5xx_hal_sd.c:3411:17:SD_WideBus_Enable	32	static
../Drivers/STM32U5xx_HAL_Driver/Src/stm32u5xx_hal_sd.c:3458:17:SD_WideBus_Disable	32	static
../Drivers/STM32U5xx_HAL_Driver/Src/stm32u5xx_hal_sd.c:3507:17:SD_FindSCR	64	static
../Drivers/STM32U5xx_HAL_Driver/Src/stm32u5xx_hal_sd.c:3603:13:SD_Read_IT	32	static
../Drivers/STM32U5xx_HAL_Driver/Src/stm32u5xx_hal_sd.c:3638:13:SD_Write_IT	32	static
../Drivers/STM32U5xx_HAL_Driver/Src/stm32u5xx_hal_sd.c:3676:10:SD_SwitchSpeed	128	static
../Drivers/STM32U5xx_HAL_Driver/Src/stm32u5xx_hal_sd.c:4043:13:HAL_SDEx_Read_DMALnkLstBufCpltCallback	16	static
../Drivers/STM32U5xx_HAL_Driver/Src/stm32u5xx_hal_sd.c:4057:13:HAL_SDEx_Write_DMALnkLstBufCpltCallback	16	static
